exports[`test renders correctly 1`] = `
ShallowWrapper {
  "complexSelector": ComplexSelector {
    "buildPredicate": [Function],
    "childrenOfNode": [Function],
    "findWhereUnwrapped": [Function],
  },
  "length": 1,
  "node": <MuiThemeProvider>
    <div
        className="container">
        <AppBar
            iconElementRight={
                <Profile
                    profile={undefined}
                    signout={[Function]} />
            }
            iconStyleRight={
                Object {
                    "margin": 0,
                  }
            }
            onLeftIconButtonTouchTap={[Function]}
            showMenuIconButton={true}
            style={
                Object {
                    "backgroundColor": "#f44336",
                  }
            }
            title={
                <h1>
                    Propositions de sujets We Love Speed (
                    <a
                        href="https://docs.google.com/spreadsheets/d/1AjbdFcj2aebJ_lExkBryB-SC3O7ht8RHq7BL_1aw_LQ/edit#gid=237957982"
                        target="_blank">
                        sheet
                    </a>
                    )
                </h1>
            }
            zDepth={1} />
        <main>
            <Drawer
                className="drawer"
                disableSwipeToOpen={false}
                docked={true}
                open={true}
                openSecondary={false}
                style={
                    Object {
                        "position": "relative",
                      }
                }
                swipeAreaWidth={30}
                width={360}
                zDepth={2}>
                <TalkList
                    count={
                        Object {
                            "PK": 1,
                            "all": 3,
                          }
                    }
                    selectTalk={[Function]}
                    selectedTalk={0}
                    setFilter={[Function]}
                    sortBy={undefined}
                    sortTalks={[Function]}
                    talks={undefined} />
            </Drawer>
            <Talk
                talk={
                    Object {
                        "title": "test",
                      }
                } />
        </main>
        <Profile />
    </div>
</MuiThemeProvider>,
  "nodes": Array [
    <MuiThemeProvider>
      <div
            className="container">
            <AppBar
                  iconElementRight={
                        <Profile
                              profile={undefined}
                              signout={[Function]} />
                  }
                  iconStyleRight={
                        Object {
                              "margin": 0,
                            }
                  }
                  onLeftIconButtonTouchTap={[Function]}
                  showMenuIconButton={true}
                  style={
                        Object {
                              "backgroundColor": "#f44336",
                            }
                  }
                  title={
                        <h1>
                              Propositions de sujets We Love Speed (
                              <a
                                    href="https://docs.google.com/spreadsheets/d/1AjbdFcj2aebJ_lExkBryB-SC3O7ht8RHq7BL_1aw_LQ/edit#gid=237957982"
                                    target="_blank">
                                    sheet
                              </a>
                              )
                        </h1>
                  }
                  zDepth={1} />
            <main>
                  <Drawer
                        className="drawer"
                        disableSwipeToOpen={false}
                        docked={true}
                        open={true}
                        openSecondary={false}
                        style={
                              Object {
                                    "position": "relative",
                                  }
                        }
                        swipeAreaWidth={30}
                        width={360}
                        zDepth={2}>
                        <TalkList
                              count={
                                    Object {
                                          "PK": 1,
                                          "all": 3,
                                        }
                              }
                              selectTalk={[Function]}
                              selectedTalk={0}
                              setFilter={[Function]}
                              sortBy={undefined}
                              sortTalks={[Function]}
                              talks={undefined} />
                  </Drawer>
                  <Talk
                        talk={
                              Object {
                                    "title": "test",
                                  }
                        } />
            </main>
            <Profile />
      </div>
</MuiThemeProvider>,
  ],
  "options": Object {},
  "renderer": ReactShallowRenderer {
    "_instance": ShallowComponentWrapper {
      "_calledComponentWillUnmount": false,
      "_compositeType": 0,
      "_context": Object {},
      "_currentElement": <AppView
        count={
                Object {
                        "PK": 1,
                        "all": 3,
                      }
        }
        selectedTalk={0}
        talks={
                Array [
                        Object {
                          "title": "test",
                        },
                      ]
        } />,
      "_debugID": 1,
      "_hostContainerInfo": null,
      "_hostParent": null,
      "_instance": AppView {
        "_reactInternalInstance": [Circular],
        "context": Object {},
        "props": Object {
          "count": Object {
            "PK": 1,
            "all": 3,
          },
          "selectedTalk": 0,
          "talks": Array [
            Object {
              "title": "test",
            },
          ],
        },
        "refs": Object {},
        "state": Object {
          "drawerIsOpen": true,
        },
        "toggleDrawer": [Function],
        "updater": Object {
          "enqueueCallback": [Function],
          "enqueueCallbackInternal": [Function],
          "enqueueElementInternal": [Function],
          "enqueueForceUpdate": [Function],
          "enqueueReplaceState": [Function],
          "enqueueSetState": [Function],
          "isMounted": [Function],
          "validateCallback": [Function],
        },
      },
      "_mountOrder": 1,
      "_pendingCallbacks": null,
      "_pendingElement": null,
      "_pendingForceUpdate": false,
      "_pendingReplaceState": false,
      "_pendingStateQueue": null,
      "_renderedComponent": NoopInternalComponent {
        "_currentElement": <MuiThemeProvider>
          <div
                    className="container">
                    <AppBar
                              iconElementRight={
                                        <Profile
                                                  profile={undefined}
                                                  signout={[Function]} />
                              }
                              iconStyleRight={
                                        Object {
                                                  "margin": 0,
                                                }
                              }
                              onLeftIconButtonTouchTap={[Function]}
                              showMenuIconButton={true}
                              style={
                                        Object {
                                                  "backgroundColor": "#f44336",
                                                }
                              }
                              title={
                                        <h1>
                                                  Propositions de sujets We Love Speed (
                                                  <a
                                                            href="https://docs.google.com/spreadsheets/d/1AjbdFcj2aebJ_lExkBryB-SC3O7ht8RHq7BL_1aw_LQ/edit#gid=237957982"
                                                            target="_blank">
                                                            sheet
                                                  </a>
                                                  )
                                        </h1>
                              }
                              zDepth={1} />
                    <main>
                              <Drawer
                                        className="drawer"
                                        disableSwipeToOpen={false}
                                        docked={true}
                                        open={true}
                                        openSecondary={false}
                                        style={
                                                  Object {
                                                            "position": "relative",
                                                          }
                                        }
                                        swipeAreaWidth={30}
                                        width={360}
                                        zDepth={2}>
                                        <TalkList
                                                  count={
                                                            Object {
                                                                      "PK": 1,
                                                                      "all": 3,
                                                                    }
                                                  }
                                                  selectTalk={[Function]}
                                                  selectedTalk={0}
                                                  setFilter={[Function]}
                                                  sortBy={undefined}
                                                  sortTalks={[Function]}
                                                  talks={undefined} />
                              </Drawer>
                              <Talk
                                        talk={
                                                  Object {
                                                            "title": "test",
                                                          }
                                        } />
                    </main>
                    <Profile />
          </div>
</MuiThemeProvider>,
        "_debugID": 2,
        "_renderedOutput": <MuiThemeProvider>
          <div
                    className="container">
                    <AppBar
                              iconElementRight={
                                        <Profile
                                                  profile={undefined}
                                                  signout={[Function]} />
                              }
                              iconStyleRight={
                                        Object {
                                                  "margin": 0,
                                                }
                              }
                              onLeftIconButtonTouchTap={[Function]}
                              showMenuIconButton={true}
                              style={
                                        Object {
                                                  "backgroundColor": "#f44336",
                                                }
                              }
                              title={
                                        <h1>
                                                  Propositions de sujets We Love Speed (
                                                  <a
                                                            href="https://docs.google.com/spreadsheets/d/1AjbdFcj2aebJ_lExkBryB-SC3O7ht8RHq7BL_1aw_LQ/edit#gid=237957982"
                                                            target="_blank">
                                                            sheet
                                                  </a>
                                                  )
                                        </h1>
                              }
                              zDepth={1} />
                    <main>
                              <Drawer
                                        className="drawer"
                                        disableSwipeToOpen={false}
                                        docked={true}
                                        open={true}
                                        openSecondary={false}
                                        style={
                                                  Object {
                                                            "position": "relative",
                                                          }
                                        }
                                        swipeAreaWidth={30}
                                        width={360}
                                        zDepth={2}>
                                        <TalkList
                                                  count={
                                                            Object {
                                                                      "PK": 1,
                                                                      "all": 3,
                                                                    }
                                                  }
                                                  selectTalk={[Function]}
                                                  selectedTalk={0}
                                                  setFilter={[Function]}
                                                  sortBy={undefined}
                                                  sortTalks={[Function]}
                                                  talks={undefined} />
                              </Drawer>
                              <Talk
                                        talk={
                                                  Object {
                                                            "title": "test",
                                                          }
                                        } />
                    </main>
                    <Profile />
          </div>
</MuiThemeProvider>,
      },
      "_renderedNodeType": 1,
      "_rootNodeID": 0,
      "_topLevelWrapper": null,
      "_updateBatchNumber": null,
      "_warnedAboutRefsInRender": false,
    },
    "getRenderOutput": [Function],
    "render": [Function],
  },
  "root": [Circular],
  "unrendered": <AppView
    count={
        Object {
            "PK": 1,
            "all": 3,
          }
    }
    selectedTalk={0}
    talks={
        Array [
            Object {
              "title": "test",
            },
          ]
    } />,
}
`;
